{"type":"environment","schema":1,"at":"2026-09-08T05:43:34.319Z","pid":905418,"command":["/tmp/zebra-performance-speedup-01/runtime/bun-1.4.0/bun","/home/ubuntu/.herdr/worktrees/zebra/herdr-plan-performance-speedup-01-baseline/bench/hot-path.ts","--source-root","/tmp/zebra-performance-speedup-01/baseline-a856cab","--suite","all","--check"],"options":{"sourceRoot":"/tmp/zebra-performance-speedup-01/baseline-a856cab","suite":"all","check":true,"rounds":5,"iterations":100000,"warmup":20000,"durationMs":1000,"warmupMs":500,"concurrency":32},"inputPayloadBytes":46,"source":{"root":"/tmp/zebra-performance-speedup-01/baseline-a856cab","paths":{"core":"/tmp/zebra-performance-speedup-01/baseline-a856cab/packages/core/src/index.ts","router":"/tmp/zebra-performance-speedup-01/baseline-a856cab/packages/core/src/router/radix.ts"},"kind":"archive","revision":"a856cab47d4fd3102e976ce7a70166837837eea2","productionSha256":"7a9eb1077326654812aabcad8519086ce61b28350a6160582ec01cbce90c9b73","productionFileCount":80,"productionDiff":{"changes":[],"sha256":"4f53cda18c2baa0c0354bb5f9a3ecbe5ed12ab4d8e11ba873c2f11161202b945"},"lockSha256":"ece1a7458ab75446feadd1a013f9d6b8ca7b9d539ca39bc1384119591c2e31f1"},"harness":{"root":"/home/ubuntu/.herdr/worktrees/zebra/herdr-plan-performance-speedup-01-baseline","revision":"0fee60b84692c150b185f55944f87c7e65a9e7b2","diff":"","sha256":"4f96bf398b07029cf6fc801dbecca302366e6af7a273c85325fdb5a2f2e7d99e","files":{"bench/fixtures/static/hello.txt":"5fabaae06f906b2c455c0a0ca2fb250df6be7d0827e17d8fbbfb273fea6b5653","bench/hot-path-fixtures.ts":"0b65c0662e10aaecb58b1a4de378f5e6378d5edb5f1e8b126d41da69d7802273","bench/hot-path-source.ts":"bffd012950cccf85c3925a372557965e86c5d8bca735ad18e303856f3f1eb336","bench/hot-path.ts":"5e22d100f4416c2723a6900ff6f558cf5186ed411bcea8b07a1301061d6ba86b","bench/scenarios.ts":"bb8984b50983d1a384b0c23ad15b6c99dddfe9ad8925407bc8078879eaf77274"},"lockSha256":"ece1a7458ab75446feadd1a013f9d6b8ca7b9d539ca39bc1384119591c2e31f1"},"runtime":{"bun":"1.4.0","revision":"34cbb9a40b4bd1bd767d134a7065e66c2432a676","executable":"/tmp/zebra-performance-speedup-01/runtime/bun-1.4.0/bun","nodeEnv":"production"},"hardware":{"hostname":"10-11-71-42","platform":"linux","arch":"x64","release":"6.8.0-31-generic","cpus":["AMD EPYC Processor","AMD EPYC Processor","AMD EPYC Processor","AMD EPYC Processor","AMD EPYC Processor","AMD EPYC Processor","AMD EPYC Processor","AMD EPYC Processor"],"totalmem":16760184832,"freemem":15420960768,"loadavg":[0.14,0.19,0.33]},"measurement":"Sequential components; HTTP same-process loopback fetch, full text validation/consumption inside timing. Setup/boot/probes/preparation excluded. No explicit GC; memory deltas are observations, not allocation counts."}
{"type":"controls","suite":"router","checks":["router: precedence, method fallback/union, slashes, malformed/encoded captures"]}
{"type":"check","suite":"router","name":"10/static-shallow","ok":true}
{"type":"check","suite":"router","name":"10/static-deep","ok":true}
{"type":"check","suite":"router","name":"10/param","ok":true}
{"type":"check","suite":"router","name":"10/param-encoded","ok":true}
{"type":"check","suite":"router","name":"10/wildcard","ok":true}
{"type":"check","suite":"router","name":"10/miss","ok":true}
{"type":"check","suite":"router","name":"10/method-miss","ok":true}
{"type":"check","suite":"router","name":"10/registration","ok":true}
{"type":"check","suite":"router","name":"100/static-shallow","ok":true}
{"type":"check","suite":"router","name":"100/static-deep","ok":true}
{"type":"check","suite":"router","name":"100/param","ok":true}
{"type":"check","suite":"router","name":"100/param-encoded","ok":true}
{"type":"check","suite":"router","name":"100/wildcard","ok":true}
{"type":"check","suite":"router","name":"100/miss","ok":true}
{"type":"check","suite":"router","name":"100/method-miss","ok":true}
{"type":"check","suite":"router","name":"100/registration","ok":true}
{"type":"check","suite":"router","name":"1000/static-shallow","ok":true}
{"type":"check","suite":"router","name":"1000/static-deep","ok":true}
{"type":"check","suite":"router","name":"1000/param","ok":true}
{"type":"check","suite":"router","name":"1000/param-encoded","ok":true}
{"type":"check","suite":"router","name":"1000/wildcard","ok":true}
{"type":"check","suite":"router","name":"1000/miss","ok":true}
{"type":"check","suite":"router","name":"1000/method-miss","ok":true}
{"type":"check","suite":"router","name":"1000/registration","ok":true}
{"type":"controls","suite":"request","checks":["request: fresh raw/params, supplied metadata, header snapshot, abort, shared body identity"]}
{"type":"check","suite":"request","name":"constructor-supplied-url","ok":true}
{"type":"check","suite":"request","name":"constructor-parse-url","ok":true}
{"type":"check","suite":"request","name":"metadata","ok":true}
{"type":"check","suite":"request","name":"body-json","ok":true}
{"type":"check","suite":"request","name":"body-shared","ok":true}
{"type":"controls","suite":"di","checks":["DI: identity/counts, falsy cache hits, nearest request/session ownership; cold rows include binding"]}
{"type":"check","suite":"di","name":"value","ok":true}
{"type":"check","suite":"di","name":"singleton-class-warm","ok":true}
{"type":"check","suite":"di","name":"singleton-factory-warm","ok":true}
{"type":"check","suite":"di","name":"request-warm","ok":true}
{"type":"check","suite":"di","name":"session-warm","ok":true}
{"type":"check","suite":"di","name":"class-cold-bind-resolve","ok":true}
{"type":"check","suite":"di","name":"factory-cold-bind-resolve","ok":true}
{"type":"check","suite":"di","name":"transient-class","ok":true}
{"type":"check","suite":"di","name":"transient-chain-3","ok":true}
{"type":"controls","suite":"dispatch","checks":["dispatch: booted apps, original response semantics, warmed DI, late listeners, error/HEAD/OPTIONS/405/404, HEAD cancellation"]}
{"type":"check","suite":"dispatch","name":"static","ok":true}
{"type":"check","suite":"dispatch","name":"middleware","ok":true}
{"type":"check","suite":"dispatch","name":"async","ok":true}
{"type":"check","suite":"dispatch","name":"query","ok":true}
{"type":"check","suite":"dispatch","name":"metadata","ok":true}
{"type":"check","suite":"dispatch","name":"class-warm","ok":true}
{"type":"check","suite":"dispatch","name":"factory-warm","ok":true}
{"type":"check","suite":"dispatch","name":"middleware-20","ok":true}
{"type":"check","suite":"dispatch","name":"static-listeners","ok":true}
{"type":"check","suite":"dispatch","name":"middleware-listeners","ok":true}
{"type":"controls","suite":"http","checks":["http: booted apps, original response semantics, warmed DI, late listeners, error/HEAD/OPTIONS/405/404, HEAD cancellation"]}
{"type":"check","suite":"http","name":"static","ok":true}
{"type":"check","suite":"http","name":"param","ok":true}
{"type":"check","suite":"http","name":"wildcard","ok":true}
{"type":"check","suite":"http","name":"middleware","ok":true}
{"type":"check","suite":"http","name":"json","ok":true}
{"type":"check","suite":"http","name":"di","ok":true}
{"type":"check","suite":"http","name":"static-file","ok":true}
{"type":"check","suite":"http","name":"post-json","ok":true}
{"type":"check","suite":"http","name":"async","ok":true}
{"type":"check","suite":"http","name":"query","ok":true}
{"type":"check","suite":"http","name":"metadata","ok":true}
{"type":"check","suite":"http","name":"class-warm","ok":true}
{"type":"check","suite":"http","name":"factory-warm","ok":true}
{"type":"check","suite":"http","name":"middleware-20","ok":true}
{"type":"check","suite":"http","name":"static-listeners","ok":true}
{"type":"check","suite":"http","name":"middleware-listeners","ok":true}
{"type":"complete","ok":true,"check":true}
