bun test v1.4.0 (34cbb9a40)

bench/test/bench-regression.test.ts:
(pass) benchmark options reject non-finite, non-positive and fractional concurrency [0.35ms]
(pass) comparison preserves exact threshold boundaries and rejects invalid data [0.28ms]
(pass) invalid or missing baselines fail before starting a server and are never rewritten [2.17ms]
(pass) check reads without writing; update writes measured results only to the supplied path [0.77ms]
(pass) measurement errors and regressions close the server without updating baseline [0.64ms]

bench/test/hot-path.test.ts:
(pass) strict options reject missing, unknown, duplicate and invalid numeric controls [0.54ms]
(pass) bad source roots fail with useful CLI diagnostics [74.58ms]
(pass) all suites check workload correctness without emitting timed rounds [118.09ms]
(pass) an altered archived source executes in a distinct process and records the production diff [236.47ms]
(pass) source and output errors propagate while booted fixtures release servers and listeners [42.77ms]
(pass) a setup probe failure closes the partially prepared app [18.07ms]
(pass) HTTP failure cancels competing body readers and settles its workers [11.84ms]
(pass) concurrent HTTP output accounting includes every consumed body [11.69ms]
(pass) status/body mismatch is never accepted and operation checks consume outputs [0.32ms]
(pass) exceptions from a result consumer still close fixture servers [29.55ms]

 15 pass
 0 fail
 152 expect() calls
Ran 15 tests across 2 files. [607.00ms]
