bun test v1.4.2 (744846f84)

bench/test/bench-regression.test.ts:
(pass) benchmark options reject non-finite, non-positive and fractional concurrency [0.32ms]
(pass) comparison preserves exact threshold boundaries and rejects invalid data [0.22ms]
(pass) invalid or missing baselines fail before starting a server and are never rewritten [2.21ms]
(pass) check reads without writing; update writes measured results only to the supplied path [0.73ms]
(pass) measurement errors and regressions close the server without updating baseline [0.63ms]

bench/test/hot-path.test.ts:
(pass) strict options reject missing, unknown, duplicate and invalid numeric controls [0.53ms]
(pass) bad source roots fail with useful CLI diagnostics [57.04ms]
(pass) all suites check workload correctness without emitting timed rounds [105.58ms]
(pass) an altered archived source executes in a distinct process and records the production diff [212.22ms]
(pass) source and output errors propagate while booted fixtures release servers and listeners [41.11ms]
(pass) a setup probe failure closes the partially prepared app [17.32ms]
(pass) HTTP failure cancels competing body readers and settles its workers [11.67ms]
(pass) concurrent HTTP output accounting includes every consumed body [11.10ms]
(pass) status/body mismatch is never accepted and operation checks consume outputs [0.27ms]
(pass) exceptions from a result consumer still close fixture servers [26.91ms]

 15 pass
 0 fail
 152 expect() calls
Ran 15 tests across 2 files. [520.00ms]
